// Jest Snapshot v1, https://goo.gl/fbAQLP

exports[`portabletext should be fine 1`] = `
Array [
  Object {
    "_key": "ef0861f9287e",
    "_type": "block",
    "children": Array [
      Object {
        "_key": "ef0861f9287e0",
        "_type": "span",
        "marks": Array [],
        "text": "Hello",
      },
    ],
    "markDefs": Array [],
    "style": "normal",
  },
]
`;
